// Jest Snapshot v1, https://goo.gl/fbAQLP

exports[`<ListItem /> takes a snapshot of the component and check if the prev snapshot equals to the current 1`] = `
<li
  className="ui-state-default bg-white border-0 border-bottom-1 pt-3 pr-0"
  key="12464535"
>
  <div
    className="checked"
  >
    <label
      onClick={[Function]}
    >
      Clean house
    </label>
    <Link
      replace={false}
      to="/todos/12464535"
    >
      <Jt
        className="btn btn-sm ml-5"
        color="success"
      >
        Edit
      </Jt>
    </Link>
    <Jt
      className="btn btn-sm ml-5"
      color="danger"
      onClick={[Function]}
    >
      Delete
    </Jt>
  </div>
</li>
`;
